time="2026-05-11T17:40:37-04:00" level=debug msg="OpenShift Installer 4.20.12"
time="2026-05-11T17:40:37-04:00" level=debug msg="Built from commit d3d9aafdbe8e96c4b7e786a47475a13aeb75ba5d"
time="2026-05-11T17:40:37-04:00" level=debug msg="Fetching Agent Config ISO..."
time="2026-05-11T17:40:37-04:00" level=debug msg="Loading Agent Config ISO..."
time="2026-05-11T17:40:37-04:00" level=debug msg="  Loading Agent Installer Ignition..."
time="2026-05-11T17:40:37-04:00" level=debug msg="    Loading Agent Workflow..."
time="2026-05-11T17:40:37-04:00" level=debug msg="    Loading Agent Installer ClusterInfo..."
time="2026-05-11T17:40:37-04:00" level=debug msg="      Loading Agent Workflow..."
time="2026-05-11T17:40:37-04:00" level=debug msg="      Loading AddNodes Config..."
time="2026-05-11T17:40:37-04:00" level=debug msg="    Loading AddNodes Config..."
time="2026-05-11T17:40:37-04:00" level=debug msg="    Loading Additional import cluster config..."
time="2026-05-11T17:40:37-04:00" level=debug msg="      Loading Agent Workflow..."
time="2026-05-11T17:40:37-04:00" level=debug msg="      Loading Agent Installer ClusterInfo..."
time="2026-05-11T17:40:37-04:00" level=debug msg="    Loading Agent Manifests..."
time="2026-05-11T17:40:37-04:00" level=debug msg="      Loading Agent PullSecret..."
time="2026-05-11T17:40:37-04:00" level=debug msg="        Loading Agent Workflow..."
time="2026-05-11T17:40:37-04:00" level=debug msg="        Loading Agent Installer ClusterInfo..."
time="2026-05-11T17:40:37-04:00" level=debug msg="        Loading Install Config..."
time="2026-05-11T17:40:37-04:00" level=debug msg="Using internal constant for release image quay.io/fpaoline/ocp-release@sha256:256a3a02518bb901ba8407a02eb848c2b4fe2b3ce095c5a39086c7b45537d669"
time="2026-05-11T17:40:38-04:00" level=debug msg="Release Image arch is: amd64"
time="2026-05-11T17:40:38-04:00" level=debug msg="Supported architecture amd64 found for the release image: quay.io/fpaoline/ocp-release@sha256:256a3a02518bb901ba8407a02eb848c2b4fe2b3ce095c5a39086c7b45537d669"
time="2026-05-11T17:40:38-04:00" level=info msg="Configuration has 3 master replicas, 0 arbiter replicas, and 0 worker replicas"
time="2026-05-11T17:40:38-04:00" level=debug msg="        Using Install Config loaded from target directory"
time="2026-05-11T17:40:38-04:00" level=debug msg="      Loading InfraEnv Config..."
time="2026-05-11T17:40:38-04:00" level=debug msg="        Loading Agent Workflow..."
time="2026-05-11T17:40:38-04:00" level=debug msg="        Loading Agent Installer ClusterInfo..."
time="2026-05-11T17:40:38-04:00" level=debug msg="        Loading Install Config..."
time="2026-05-11T17:40:38-04:00" level=debug msg="        Loading Agent Config..."
time="2026-05-11T17:40:38-04:00" level=debug msg="        Using Agent Config loaded from target directory"
time="2026-05-11T17:40:38-04:00" level=debug msg="      Loading NMState Config..."
time="2026-05-11T17:40:38-04:00" level=debug msg="        Loading Agent Workflow..."
time="2026-05-11T17:40:38-04:00" level=debug msg="        Loading Agent Installer ClusterInfo..."
time="2026-05-11T17:40:38-04:00" level=debug msg="        Loading Agent Hosts..."
time="2026-05-11T17:40:38-04:00" level=debug msg="          Loading Agent Workflow..."
time="2026-05-11T17:40:38-04:00" level=debug msg="          Loading AddNodes Config..."
time="2026-05-11T17:40:38-04:00" level=debug msg="          Loading Install Config..."
time="2026-05-11T17:40:38-04:00" level=debug msg="          Loading Agent Config..."
time="2026-05-11T17:40:38-04:00" level=debug msg="        Loading Install Config..."
time="2026-05-11T17:40:38-04:00" level=debug msg="      Loading AgentClusterInstall Config..."
time="2026-05-11T17:40:38-04:00" level=debug msg="        Loading Agent Workflow..."
time="2026-05-11T17:40:38-04:00" level=debug msg="        Loading Install Config..."
time="2026-05-11T17:40:38-04:00" level=debug msg="        Loading Agent Hosts..."
time="2026-05-11T17:40:38-04:00" level=debug msg="        Loading Agent Config..."
time="2026-05-11T17:40:38-04:00" level=debug msg="      Loading ClusterDeployment Config..."
time="2026-05-11T17:40:38-04:00" level=debug msg="        Loading Agent Workflow..."
time="2026-05-11T17:40:38-04:00" level=debug msg="        Loading Install Config..."
time="2026-05-11T17:40:38-04:00" level=debug msg="      Loading ClusterImageSet Config..."
time="2026-05-11T17:40:38-04:00" level=debug msg="        Loading Agent Workflow..."
time="2026-05-11T17:40:38-04:00" level=debug msg="        Loading Agent Installer ClusterInfo..."
time="2026-05-11T17:40:38-04:00" level=debug msg="        Loading Release Image Pull Spec..."
time="2026-05-11T17:40:38-04:00" level=debug msg="        Loading Install Config..."
time="2026-05-11T17:40:38-04:00" level=debug msg="    Loading Extra Manifests..."
time="2026-05-11T17:40:38-04:00" level=debug msg="    Using Extra Manifests loaded from target directory"
time="2026-05-11T17:40:38-04:00" level=debug msg="    Loading Certificate (kube-apiserver-lb-signer)..."
time="2026-05-11T17:40:38-04:00" level=debug msg="    Loading Certificate (kube-apiserver-localhost-signer)..."
time="2026-05-11T17:40:38-04:00" level=debug msg="    Loading Certificate (kube-apiserver-service-network-signer)..."
time="2026-05-11T17:40:38-04:00" level=debug msg="    Loading Certificate (admin-kubeconfig-signer)..."
time="2026-05-11T17:40:38-04:00" level=debug msg="    Loading Kubeadmin Password..."
time="2026-05-11T17:40:38-04:00" level=debug msg="    Loading Agent Config..."
time="2026-05-11T17:40:38-04:00" level=debug msg="    Loading Agent Hosts..."
time="2026-05-11T17:40:38-04:00" level=debug msg="    Loading Mirror Registries Config..."
time="2026-05-11T17:40:38-04:00" level=debug msg="      Loading Agent Workflow..."
time="2026-05-11T17:40:38-04:00" level=debug msg="      Loading Agent Installer ClusterInfo..."
time="2026-05-11T17:40:38-04:00" level=debug msg="      Loading Install Config..."
time="2026-05-11T17:40:38-04:00" level=debug msg="      Loading Release Image Pull Spec..."
time="2026-05-11T17:40:38-04:00" level=debug msg="Using internal constant for release image quay.io/fpaoline/ocp-release@sha256:256a3a02518bb901ba8407a02eb848c2b4fe2b3ce095c5a39086c7b45537d669"
time="2026-05-11T17:40:38-04:00" level=debug msg="    Loading Mirror Registries Certificate File..."
time="2026-05-11T17:40:38-04:00" level=debug msg="      Loading Agent Workflow..."
time="2026-05-11T17:40:38-04:00" level=debug msg="      Loading Agent Installer ClusterInfo..."
time="2026-05-11T17:40:38-04:00" level=debug msg="      Loading Install Config..."
time="2026-05-11T17:40:38-04:00" level=debug msg="    Loading Agent Installer API Auth Config..."
time="2026-05-11T17:40:38-04:00" level=debug msg="      Loading Agent Workflow..."
time="2026-05-11T17:40:38-04:00" level=debug msg="      Loading AddNodes Config..."
time="2026-05-11T17:40:38-04:00" level=debug msg="    Loading Agent Installer InfraEnv ID..."
time="2026-05-11T17:40:38-04:00" level=debug msg="  Loading Agent Workflow..."
time="2026-05-11T17:40:38-04:00" level=debug msg="  Fetching Agent Installer Ignition..."
time="2026-05-11T17:40:38-04:00" level=debug msg="    Fetching Agent Workflow..."
time="2026-05-11T17:40:38-04:00" level=debug msg="    Generating Agent Workflow..."
time="2026-05-11T17:40:38-04:00" level=debug msg="    Fetching Agent Installer ClusterInfo..."
time="2026-05-11T17:40:38-04:00" level=debug msg="      Fetching Agent Workflow..."
time="2026-05-11T17:40:38-04:00" level=debug msg="      Reusing previously-fetched Agent Workflow"
time="2026-05-11T17:40:38-04:00" level=debug msg="      Fetching AddNodes Config..."
time="2026-05-11T17:40:38-04:00" level=debug msg="      Generating AddNodes Config..."
time="2026-05-11T17:40:38-04:00" level=debug msg="    Generating Agent Installer ClusterInfo..."
time="2026-05-11T17:40:38-04:00" level=debug msg="    Fetching AddNodes Config..."
time="2026-05-11T17:40:38-04:00" level=debug msg="    Reusing previously-fetched AddNodes Config"
time="2026-05-11T17:40:38-04:00" level=debug msg="    Fetching Additional import cluster config..."
time="2026-05-11T17:40:38-04:00" level=debug msg="      Fetching Agent Workflow..."
time="2026-05-11T17:40:38-04:00" level=debug msg="      Reusing previously-fetched Agent Workflow"
time="2026-05-11T17:40:38-04:00" level=debug msg="      Fetching Agent Installer ClusterInfo..."
time="2026-05-11T17:40:38-04:00" level=debug msg="      Reusing previously-fetched Agent Installer ClusterInfo"
time="2026-05-11T17:40:38-04:00" level=debug msg="    Generating Additional import cluster config..."
time="2026-05-11T17:40:38-04:00" level=debug msg="    Fetching Agent Manifests..."
time="2026-05-11T17:40:38-04:00" level=debug msg="      Fetching Agent PullSecret..."
time="2026-05-11T17:40:38-04:00" level=debug msg="        Fetching Agent Workflow..."
time="2026-05-11T17:40:38-04:00" level=debug msg="        Reusing previously-fetched Agent Workflow"
time="2026-05-11T17:40:38-04:00" level=debug msg="        Fetching Agent Installer ClusterInfo..."
time="2026-05-11T17:40:38-04:00" level=debug msg="        Reusing previously-fetched Agent Installer ClusterInfo"
time="2026-05-11T17:40:38-04:00" level=debug msg="        Fetching Install Config..."
time="2026-05-11T17:40:38-04:00" level=debug msg="        Reusing previously-fetched Install Config"
time="2026-05-11T17:40:38-04:00" level=debug msg="      Generating Agent PullSecret..."
time="2026-05-11T17:40:38-04:00" level=debug msg="      Fetching InfraEnv Config..."
time="2026-05-11T17:40:38-04:00" level=debug msg="        Fetching Agent Workflow..."
time="2026-05-11T17:40:38-04:00" level=debug msg="        Reusing previously-fetched Agent Workflow"
time="2026-05-11T17:40:38-04:00" level=debug msg="        Fetching Agent Installer ClusterInfo..."
time="2026-05-11T17:40:38-04:00" level=debug msg="        Reusing previously-fetched Agent Installer ClusterInfo"
time="2026-05-11T17:40:38-04:00" level=debug msg="        Fetching Install Config..."
time="2026-05-11T17:40:38-04:00" level=debug msg="        Reusing previously-fetched Install Config"
time="2026-05-11T17:40:38-04:00" level=debug msg="        Fetching Agent Config..."
time="2026-05-11T17:40:38-04:00" level=debug msg="        Reusing previously-fetched Agent Config"
time="2026-05-11T17:40:38-04:00" level=debug msg="      Generating InfraEnv Config..."
time="2026-05-11T17:40:38-04:00" level=debug msg="      Fetching NMState Config..."
time="2026-05-11T17:40:38-04:00" level=debug msg="        Fetching Agent Workflow..."
time="2026-05-11T17:40:38-04:00" level=debug msg="        Reusing previously-fetched Agent Workflow"
time="2026-05-11T17:40:38-04:00" level=debug msg="        Fetching Agent Installer ClusterInfo..."
time="2026-05-11T17:40:38-04:00" level=debug msg="        Reusing previously-fetched Agent Installer ClusterInfo"
time="2026-05-11T17:40:38-04:00" level=debug msg="        Fetching Agent Hosts..."
time="2026-05-11T17:40:38-04:00" level=debug msg="          Fetching Agent Workflow..."
time="2026-05-11T17:40:38-04:00" level=debug msg="          Reusing previously-fetched Agent Workflow"
time="2026-05-11T17:40:38-04:00" level=debug msg="          Fetching AddNodes Config..."
time="2026-05-11T17:40:38-04:00" level=debug msg="          Reusing previously-fetched AddNodes Config"
time="2026-05-11T17:40:38-04:00" level=debug msg="          Fetching Install Config..."
time="2026-05-11T17:40:38-04:00" level=debug msg="          Reusing previously-fetched Install Config"
time="2026-05-11T17:40:38-04:00" level=debug msg="          Fetching Agent Config..."
time="2026-05-11T17:40:38-04:00" level=debug msg="          Reusing previously-fetched Agent Config"
time="2026-05-11T17:40:38-04:00" level=debug msg="        Generating Agent Hosts..."
time="2026-05-11T17:40:38-04:00" level=debug msg="Using hosts from agent-config.yaml"
time="2026-05-11T17:40:38-04:00" level=debug msg="        Fetching Install Config..."
time="2026-05-11T17:40:38-04:00" level=debug msg="        Reusing previously-fetched Install Config"
time="2026-05-11T17:40:38-04:00" level=debug msg="      Generating NMState Config..."
time="2026-05-11T17:40:38-04:00" level=debug msg="adding MAC interface map to host static network config - Name: enp2s0 MacAddress:00:d8:d8:4b:0d:1b"
time="2026-05-11T17:40:38-04:00" level=debug msg="adding MAC interface map to host static network config - Name: eth1 MacAddress:00:d8:d8:4b:0d:1c"
time="2026-05-11T17:40:38-04:00" level=debug msg="adding MAC interface map to host static network config - Name: enp2s0 MacAddress:00:d8:d8:4b:0d:1e"
time="2026-05-11T17:40:38-04:00" level=debug msg="adding MAC interface map to host static network config - Name: eth1 MacAddress:00:d8:d8:4b:0d:1f"
time="2026-05-11T17:40:38-04:00" level=debug msg="adding MAC interface map to host static network config - Name: enp2s0 MacAddress:00:d8:d8:4b:0d:21"
time="2026-05-11T17:40:38-04:00" level=debug msg="adding MAC interface map to host static network config - Name: eth1 MacAddress:00:d8:d8:4b:0d:22"
time="2026-05-11T17:40:38-04:00" level=debug msg="      Fetching AgentClusterInstall Config..."
time="2026-05-11T17:40:38-04:00" level=debug msg="        Fetching Agent Workflow..."
time="2026-05-11T17:40:38-04:00" level=debug msg="        Reusing previously-fetched Agent Workflow"
time="2026-05-11T17:40:38-04:00" level=debug msg="        Fetching Install Config..."
time="2026-05-11T17:40:38-04:00" level=debug msg="        Reusing previously-fetched Install Config"
time="2026-05-11T17:40:38-04:00" level=debug msg="        Fetching Agent Hosts..."
time="2026-05-11T17:40:38-04:00" level=debug msg="        Reusing previously-fetched Agent Hosts"
time="2026-05-11T17:40:38-04:00" level=debug msg="        Fetching Agent Config..."
time="2026-05-11T17:40:38-04:00" level=debug msg="        Reusing previously-fetched Agent Config"
time="2026-05-11T17:40:38-04:00" level=debug msg="      Generating AgentClusterInstall Config..."
time="2026-05-11T17:40:38-04:00" level=debug msg="      Fetching ClusterDeployment Config..."
time="2026-05-11T17:40:38-04:00" level=debug msg="        Fetching Agent Workflow..."
time="2026-05-11T17:40:38-04:00" level=debug msg="        Reusing previously-fetched Agent Workflow"
time="2026-05-11T17:40:38-04:00" level=debug msg="        Fetching Install Config..."
time="2026-05-11T17:40:38-04:00" level=debug msg="        Reusing previously-fetched Install Config"
time="2026-05-11T17:40:38-04:00" level=debug msg="      Generating ClusterDeployment Config..."
time="2026-05-11T17:40:38-04:00" level=debug msg="      Fetching ClusterImageSet Config..."
time="2026-05-11T17:40:38-04:00" level=debug msg="        Fetching Agent Workflow..."
time="2026-05-11T17:40:38-04:00" level=debug msg="        Reusing previously-fetched Agent Workflow"
time="2026-05-11T17:40:38-04:00" level=debug msg="        Fetching Agent Installer ClusterInfo..."
time="2026-05-11T17:40:38-04:00" level=debug msg="        Reusing previously-fetched Agent Installer ClusterInfo"
time="2026-05-11T17:40:38-04:00" level=debug msg="        Fetching Release Image Pull Spec..."
time="2026-05-11T17:40:38-04:00" level=debug msg="        Generating Release Image Pull Spec..."
time="2026-05-11T17:40:38-04:00" level=debug msg="Using internal constant for release image quay.io/fpaoline/ocp-release@sha256:256a3a02518bb901ba8407a02eb848c2b4fe2b3ce095c5a39086c7b45537d669"
time="2026-05-11T17:40:38-04:00" level=debug msg="        Fetching Install Config..."
time="2026-05-11T17:40:38-04:00" level=debug msg="        Reusing previously-fetched Install Config"
time="2026-05-11T17:40:38-04:00" level=debug msg="      Generating ClusterImageSet Config..."
time="2026-05-11T17:40:38-04:00" level=debug msg="Using internal constant for release image quay.io/fpaoline/ocp-release@sha256:256a3a02518bb901ba8407a02eb848c2b4fe2b3ce095c5a39086c7b45537d669"
time="2026-05-11T17:40:38-04:00" level=debug msg="    Generating Agent Manifests..."
time="2026-05-11T17:40:38-04:00" level=debug msg="    Fetching Extra Manifests..."
time="2026-05-11T17:40:38-04:00" level=debug msg="    Reusing previously-fetched Extra Manifests"
time="2026-05-11T17:40:38-04:00" level=debug msg="    Fetching Certificate (kube-apiserver-lb-signer)..."
time="2026-05-11T17:40:38-04:00" level=debug msg="    Generating Certificate (kube-apiserver-lb-signer)..."
time="2026-05-11T17:40:38-04:00" level=debug msg="    Fetching Certificate (kube-apiserver-localhost-signer)..."
time="2026-05-11T17:40:38-04:00" level=debug msg="    Generating Certificate (kube-apiserver-localhost-signer)..."
time="2026-05-11T17:40:38-04:00" level=debug msg="    Fetching Certificate (kube-apiserver-service-network-signer)..."
time="2026-05-11T17:40:38-04:00" level=debug msg="    Generating Certificate (kube-apiserver-service-network-signer)..."
time="2026-05-11T17:40:39-04:00" level=debug msg="    Fetching Certificate (admin-kubeconfig-signer)..."
time="2026-05-11T17:40:39-04:00" level=debug msg="    Generating Certificate (admin-kubeconfig-signer)..."
time="2026-05-11T17:40:39-04:00" level=debug msg="    Fetching Kubeadmin Password..."
time="2026-05-11T17:40:39-04:00" level=debug msg="    Generating Kubeadmin Password..."
time="2026-05-11T17:40:39-04:00" level=debug msg="    Fetching Agent Config..."
time="2026-05-11T17:40:39-04:00" level=debug msg="    Reusing previously-fetched Agent Config"
time="2026-05-11T17:40:39-04:00" level=debug msg="    Fetching Agent Hosts..."
time="2026-05-11T17:40:39-04:00" level=debug msg="    Reusing previously-fetched Agent Hosts"
time="2026-05-11T17:40:39-04:00" level=debug msg="    Fetching Mirror Registries Config..."
time="2026-05-11T17:40:39-04:00" level=debug msg="      Fetching Agent Workflow..."
time="2026-05-11T17:40:39-04:00" level=debug msg="      Reusing previously-fetched Agent Workflow"
time="2026-05-11T17:40:39-04:00" level=debug msg="      Fetching Agent Installer ClusterInfo..."
time="2026-05-11T17:40:39-04:00" level=debug msg="      Reusing previously-fetched Agent Installer ClusterInfo"
time="2026-05-11T17:40:39-04:00" level=debug msg="      Fetching Install Config..."
time="2026-05-11T17:40:39-04:00" level=debug msg="      Reusing previously-fetched Install Config"
time="2026-05-11T17:40:39-04:00" level=debug msg="      Fetching Release Image Pull Spec..."
time="2026-05-11T17:40:39-04:00" level=debug msg="      Reusing previously-fetched Release Image Pull Spec"
time="2026-05-11T17:40:39-04:00" level=debug msg="    Generating Mirror Registries Config..."
time="2026-05-11T17:40:39-04:00" level=debug msg="    Fetching Mirror Registries Certificate File..."
time="2026-05-11T17:40:39-04:00" level=debug msg="      Fetching Agent Workflow..."
time="2026-05-11T17:40:39-04:00" level=debug msg="      Reusing previously-fetched Agent Workflow"
time="2026-05-11T17:40:39-04:00" level=debug msg="      Fetching Agent Installer ClusterInfo..."
time="2026-05-11T17:40:39-04:00" level=debug msg="      Reusing previously-fetched Agent Installer ClusterInfo"
time="2026-05-11T17:40:39-04:00" level=debug msg="      Fetching Install Config..."
time="2026-05-11T17:40:39-04:00" level=debug msg="      Reusing previously-fetched Install Config"
time="2026-05-11T17:40:39-04:00" level=debug msg="    Generating Mirror Registries Certificate File..."
time="2026-05-11T17:40:39-04:00" level=debug msg="    Fetching Agent Installer API Auth Config..."
time="2026-05-11T17:40:39-04:00" level=debug msg="      Fetching Agent Workflow..."
time="2026-05-11T17:40:39-04:00" level=debug msg="      Reusing previously-fetched Agent Workflow"
time="2026-05-11T17:40:39-04:00" level=debug msg="      Fetching AddNodes Config..."
time="2026-05-11T17:40:39-04:00" level=debug msg="      Reusing previously-fetched AddNodes Config"
time="2026-05-11T17:40:39-04:00" level=debug msg="    Generating Agent Installer API Auth Config..."
time="2026-05-11T17:40:39-04:00" level=debug msg="    Fetching Agent Installer InfraEnv ID..."
time="2026-05-11T17:40:39-04:00" level=debug msg="    Generating Agent Installer InfraEnv ID..."
time="2026-05-11T17:40:39-04:00" level=debug msg="  Generating Agent Installer Ignition..."
time="2026-05-11T17:40:39-04:00" level=debug msg="RendezvousIP from the AgentConfig 192.168.110.2"
time="2026-05-11T17:40:39-04:00" level=info msg="The rendezvous host IP (node0 IP) is 192.168.110.2"
time="2026-05-11T17:40:40-04:00" level=debug msg="Release Image arch is: amd64"
time="2026-05-11T17:40:40-04:00" level=debug msg="Found Release Image Architecture: x86_64"
time="2026-05-11T17:40:40-04:00" level=debug msg="Generated random infra-env id fbf0a20d-c661-4ac0-b551-370d9993eb1a"
time="2026-05-11T17:40:40-04:00" level=debug msg="  Fetching Agent Workflow..."
time="2026-05-11T17:40:40-04:00" level=debug msg="  Reusing previously-fetched Agent Workflow"
time="2026-05-11T17:40:40-04:00" level=debug msg="Generating Agent Config ISO..."
time="2026-05-11T17:40:40-04:00" level=debug msg="Including file /etc/NetworkManager/conf.d/clientid.conf"
time="2026-05-11T17:40:40-04:00" level=debug msg="Including file /etc/issue"
time="2026-05-11T17:40:40-04:00" level=debug msg="Including file /etc/systemd/system.conf.d/10-default-env.conf"
time="2026-05-11T17:40:40-04:00" level=debug msg="Including file /root/.docker/config.json"
time="2026-05-11T17:40:40-04:00" level=debug msg="Including file /usr/local/share/assisted-service/assisted-service.env"
time="2026-05-11T17:40:40-04:00" level=debug msg="Including file /usr/local/share/start-cluster/start-cluster.env"
time="2026-05-11T17:40:40-04:00" level=debug msg="Including file /etc/assisted/rendezvous-host.env"
time="2026-05-11T17:40:40-04:00" level=debug msg="Including file /etc/assisted/manifests/agent-cluster-install.yaml"
time="2026-05-11T17:40:40-04:00" level=debug msg="Including file /etc/assisted/manifests/cluster-deployment.yaml"
time="2026-05-11T17:40:40-04:00" level=debug msg="Including file /etc/assisted/manifests/cluster-image-set.yaml"
time="2026-05-11T17:40:40-04:00" level=debug msg="Including file /etc/assisted/manifests/infraenv.yaml"
time="2026-05-11T17:40:40-04:00" level=debug msg="Including file /etc/assisted/manifests/nmstateconfig.yaml"
time="2026-05-11T17:40:40-04:00" level=debug msg="Including file /etc/assisted/manifests/pull-secret.yaml"
time="2026-05-11T17:40:40-04:00" level=debug msg="Including file /etc/assisted/manifests/agent-config.yaml"
time="2026-05-11T17:40:40-04:00" level=debug msg="Including file /etc/assisted/hostnames/00:d8:d8:4b:0d:1b"
time="2026-05-11T17:40:40-04:00" level=debug msg="Including file /etc/assisted/hostnames/00:d8:d8:4b:0d:1e"
time="2026-05-11T17:40:40-04:00" level=debug msg="Including file /etc/assisted/hostnames/00:d8:d8:4b:0d:21"
time="2026-05-11T17:40:40-04:00" level=debug msg="Including file /etc/assisted/network/host0/br0.nmconnection"
time="2026-05-11T17:40:40-04:00" level=debug msg="Including file /etc/assisted/network/host0/enp1s0.nmconnection"
time="2026-05-11T17:40:40-04:00" level=debug msg="Including file /etc/assisted/network/host0/enp2s0.nmconnection"
time="2026-05-11T17:40:40-04:00" level=debug msg="Including file /etc/assisted/network/host0/enp3s0.nmconnection"
time="2026-05-11T17:40:40-04:00" level=debug msg="Including file /etc/assisted/network/host0/dummy0.nmconnection"
time="2026-05-11T17:40:40-04:00" level=debug msg="Including file /etc/assisted/network/host0/mac_interface.ini"
time="2026-05-11T17:40:40-04:00" level=debug msg="Including file /etc/assisted/network/host1/br0.nmconnection"
time="2026-05-11T17:40:40-04:00" level=debug msg="Including file /etc/assisted/network/host1/enp1s0.nmconnection"
time="2026-05-11T17:40:40-04:00" level=debug msg="Including file /etc/assisted/network/host1/enp2s0.nmconnection"
time="2026-05-11T17:40:40-04:00" level=debug msg="Including file /etc/assisted/network/host1/enp3s0.nmconnection"
time="2026-05-11T17:40:40-04:00" level=debug msg="Including file /etc/assisted/network/host1/dummy0.nmconnection"
time="2026-05-11T17:40:40-04:00" level=debug msg="Including file /etc/assisted/network/host1/mac_interface.ini"
time="2026-05-11T17:40:40-04:00" level=debug msg="Including file /etc/assisted/network/host2/br0.nmconnection"
time="2026-05-11T17:40:40-04:00" level=debug msg="Including file /etc/assisted/network/host2/enp1s0.nmconnection"
time="2026-05-11T17:40:40-04:00" level=debug msg="Including file /etc/assisted/network/host2/enp2s0.nmconnection"
time="2026-05-11T17:40:40-04:00" level=debug msg="Including file /etc/assisted/network/host2/enp3s0.nmconnection"
time="2026-05-11T17:40:40-04:00" level=debug msg="Including file /etc/assisted/network/host2/dummy0.nmconnection"
time="2026-05-11T17:40:40-04:00" level=debug msg="Including file /etc/assisted/network/host2/mac_interface.ini"
time="2026-05-11T17:40:40-04:00" level=debug msg="Including file /opt/agent/tls/kube-apiserver-lb-signer.key"
time="2026-05-11T17:40:40-04:00" level=debug msg="Including file /opt/agent/tls/kube-apiserver-lb-signer.crt"
time="2026-05-11T17:40:40-04:00" level=debug msg="Including file /opt/agent/tls/kube-apiserver-localhost-signer.key"
time="2026-05-11T17:40:40-04:00" level=debug msg="Including file /opt/agent/tls/kube-apiserver-localhost-signer.crt"
time="2026-05-11T17:40:40-04:00" level=debug msg="Including file /opt/agent/tls/kube-apiserver-service-network-signer.key"
time="2026-05-11T17:40:40-04:00" level=debug msg="Including file /opt/agent/tls/kube-apiserver-service-network-signer.crt"
time="2026-05-11T17:40:40-04:00" level=debug msg="Including file /opt/agent/tls/admin-kubeconfig-signer.key"
time="2026-05-11T17:40:40-04:00" level=debug msg="Including file /opt/agent/tls/admin-kubeconfig-signer.crt"
time="2026-05-11T17:40:40-04:00" level=debug msg="Including file /opt/agent/tls/kubeadmin-password.hash"
time="2026-05-11T17:40:40-04:00" level=debug msg="Including file /etc/assisted/hostconfig/master-0/mac_addresses"
time="2026-05-11T17:40:40-04:00" level=debug msg="Including file /etc/assisted/hostconfig/master-1/mac_addresses"
time="2026-05-11T17:40:40-04:00" level=debug msg="Including file /etc/assisted/hostconfig/master-2/mac_addresses"
time="2026-05-11T17:40:40-04:00" level=debug msg="Including file /etc/assisted/extra-manifests/01-master-registry-0.yaml"
time="2026-05-11T17:40:40-04:00" level=debug msg="Including file /etc/assisted/extra-manifests/02-master-dns-hack-0.yaml"
time="2026-05-11T17:40:40-04:00" level=debug msg="Including file /etc/assisted/extra-manifests/99-master-openperouter-0.yaml"
time="2026-05-11T17:40:40-04:00" level=info msg="Consuming Install Config from target directory"
time="2026-05-11T17:40:40-04:00" level=debug msg="Purging asset \"Install Config\" from disk"
time="2026-05-11T17:40:40-04:00" level=info msg="Consuming Agent Config from target directory"
time="2026-05-11T17:40:40-04:00" level=debug msg="Purging asset \"Agent Config\" from disk"
time="2026-05-11T17:40:40-04:00" level=info msg="Consuming Extra Manifests from target directory"
time="2026-05-11T17:40:40-04:00" level=debug msg="Purging asset \"Extra Manifests\" from disk"
time="2026-05-11T17:40:40-04:00" level=debug msg="initDisk(): start"
time="2026-05-11T17:40:40-04:00" level=debug msg="initDisk(): regular file"
time="2026-05-11T17:40:40-04:00" level=debug msg="Fetching Kubeconfig Admin Client..."
time="2026-05-11T17:40:40-04:00" level=debug msg="Loading Kubeconfig Admin Client..."
time="2026-05-11T17:40:40-04:00" level=debug msg="  Loading Certificate (admin-kubeconfig-client)..."
time="2026-05-11T17:40:40-04:00" level=debug msg="    Loading Certificate (admin-kubeconfig-signer)..."
time="2026-05-11T17:40:40-04:00" level=debug msg="  Loading Certificate (kube-apiserver-complete-server-ca-bundle)..."
time="2026-05-11T17:40:40-04:00" level=debug msg="    Loading Certificate (kube-apiserver-localhost-ca-bundle)..."
time="2026-05-11T17:40:40-04:00" level=debug msg="      Loading Certificate (kube-apiserver-localhost-signer)..."
time="2026-05-11T17:40:40-04:00" level=debug msg="    Loading Certificate (kube-apiserver-service-network-ca-bundle)..."
time="2026-05-11T17:40:40-04:00" level=debug msg="      Loading Certificate (kube-apiserver-service-network-signer)..."
time="2026-05-11T17:40:40-04:00" level=debug msg="    Loading Certificate (kube-apiserver-lb-ca-bundle)..."
time="2026-05-11T17:40:40-04:00" level=debug msg="      Loading Certificate (kube-apiserver-lb-signer)..."
time="2026-05-11T17:40:40-04:00" level=debug msg="  Loading ClusterDeployment Config..."
time="2026-05-11T17:40:40-04:00" level=debug msg="  Fetching Certificate (admin-kubeconfig-client)..."
time="2026-05-11T17:40:40-04:00" level=debug msg="    Fetching Certificate (admin-kubeconfig-signer)..."
time="2026-05-11T17:40:40-04:00" level=debug msg="    Reusing previously-fetched Certificate (admin-kubeconfig-signer)"
time="2026-05-11T17:40:40-04:00" level=debug msg="  Generating Certificate (admin-kubeconfig-client)..."
time="2026-05-11T17:40:40-04:00" level=debug msg="  Fetching Certificate (kube-apiserver-complete-server-ca-bundle)..."
time="2026-05-11T17:40:40-04:00" level=debug msg="    Fetching Certificate (kube-apiserver-localhost-ca-bundle)..."
time="2026-05-11T17:40:40-04:00" level=debug msg="      Fetching Certificate (kube-apiserver-localhost-signer)..."
time="2026-05-11T17:40:40-04:00" level=debug msg="      Reusing previously-fetched Certificate (kube-apiserver-localhost-signer)"
time="2026-05-11T17:40:40-04:00" level=debug msg="    Generating Certificate (kube-apiserver-localhost-ca-bundle)..."
time="2026-05-11T17:40:40-04:00" level=debug msg="    Fetching Certificate (kube-apiserver-service-network-ca-bundle)..."
time="2026-05-11T17:40:40-04:00" level=debug msg="      Fetching Certificate (kube-apiserver-service-network-signer)..."
time="2026-05-11T17:40:40-04:00" level=debug msg="      Reusing previously-fetched Certificate (kube-apiserver-service-network-signer)"
time="2026-05-11T17:40:40-04:00" level=debug msg="    Generating Certificate (kube-apiserver-service-network-ca-bundle)..."
time="2026-05-11T17:40:40-04:00" level=debug msg="    Fetching Certificate (kube-apiserver-lb-ca-bundle)..."
time="2026-05-11T17:40:40-04:00" level=debug msg="      Fetching Certificate (kube-apiserver-lb-signer)..."
time="2026-05-11T17:40:40-04:00" level=debug msg="      Reusing previously-fetched Certificate (kube-apiserver-lb-signer)"
time="2026-05-11T17:40:40-04:00" level=debug msg="    Generating Certificate (kube-apiserver-lb-ca-bundle)..."
time="2026-05-11T17:40:40-04:00" level=debug msg="  Generating Certificate (kube-apiserver-complete-server-ca-bundle)..."
time="2026-05-11T17:40:40-04:00" level=debug msg="  Fetching ClusterDeployment Config..."
time="2026-05-11T17:40:40-04:00" level=debug msg="  Reusing previously-fetched ClusterDeployment Config"
time="2026-05-11T17:40:40-04:00" level=debug msg="Generating Kubeconfig Admin Client..."
time="2026-05-11T17:40:40-04:00" level=debug msg="Fetching Kubeadmin Password..."
time="2026-05-11T17:40:40-04:00" level=debug msg="Reusing previously-fetched Kubeadmin Password"
time="2026-05-11T17:40:40-04:00" level=info msg="Config-Image created in: /home/fpaoline/devel/dev-scripts/deploy/config-image-raw/configimage/auth"
